go : # quantumcoin
At line:1 char:1
+ go build . 2> build_errors.txt
+ ~~~~~~~~~~~~~~~~~~~~~~~~~~~~~~
    + CategoryInfo          : NotSpecified: (# quantumcoin:String) [], RemoteException
    + FullyQualifiedErrorId : NativeCommandError
 
.\main.go:845:7: no new variables on left side of :=
